Microchip MPLAB XC8 Compiler V2.30

Linker command line:

-W-3 --edf=C:\Program Files\Microchip\xc8\v2.30\pic\dat\en_msgs.txt -cn \
  -h+dist/default/production\26k83_can_ricsi.X.production.sym \
  --cmf=dist/default/production\26k83_can_ricsi.X.production.cmf -z \
  -Q18F26K83 -oC:\Users\nemet\AppData\Local\Temp\shfcx2 \
  --defsym=__MPLAB_BUILD=1 \
  -Mdist/default/production/26k83_can_ricsi.X.production.map -E1 \
  -ver=XC8 Compiler --acfsm=1493 -ASTACK=060h-0FFFh -pstack=STACK \
  -ACODE=00h-0FFFFh -ACONST=00h-0FFFFh -ASMALLCONST=01000h-010FFhx240 \
  -AMEDIUMCONST=01000h-0FFFFh -ACOMRAM=01h-05Fh -AABS1=00h-0FFFh \
  -ABIGRAM=01h-0FFFh -ARAM=060h-0FFh,0100h-01FFhx15 -ABANK0=060h-0FFh \
  -ABANK1=0100h-01FFh -ABANK2=0200h-02FFh -ABANK3=0300h-03FFh \
  -ABANK4=0400h-04FFh -ABANK5=0500h-05FFh -ABANK6=0600h-06FFh \
  -ABANK7=0700h-07FFh -ABANK8=0800h-08FFh -ABANK9=0900h-09FFh \
  -ABANK10=0A00h-0AFFh -ABANK11=0B00h-0BFFh -ABANK12=0C00h-0CFFh \
  -ABANK13=0D00h-0DFFh -ABANK14=0E00h-0EFFh -ABANK15=0F00h-0FFFh \
  -ASFR=03700h-037FFhx8,03F00h-03F5Fh,03F60h-03FFFh \
  -ACONFIG=0300000h-0300009h -AIDLOC=0200000h-020000Fh \
  -AEEDATA=0310000h-03103FFh -peeprom_data=EEDATA -preset_vec=00h \
  -ppowerup=CODE,init -pramtop=01000h -psmallconst=SMALLCONST \
  -pmediumconst=MEDIUMCONST -pconst=CONST -AFARRAM=00h-00h \
  -prdata=COMRAM,nvrram=COMRAM,nvbit=COMRAM,rbss=COMRAM,rbit=COMRAM \
  -pfarbss=FARRAM,fardata=FARRAM,nvFARRAM=FARRAM \
  -pintsave_regs=BIGRAM,bigbss=BIGRAM,bigdata=BIGRAM -pbss=RAM \
  -pidata=CODE,irdata=CODE,ibigdata=CODE,ifardata=CODE -prparam=COMRAM \
  C:\Users\nemet\AppData\Local\Temp\shfcx8.o \
  dist/default/production\26k83_can_ricsi.X.production.o 

Object code version is 3.11

Machine type is 18F26K83



                Name                               Link     Load   Length Selector   Space Scale
C:\Users\nemet\AppData\Local\Temp\shfcx8.o
                idloc                            200000   200000       10        0       5
                config                           300000   300000        A        0       4
                init                               FFFC     FFFC        4     7FFE       0
                reset_vec                             0        0        4        0       0
dist/default/production\26k83_can_ricsi.X.production.o
                idloc                            200000   200000       10        0       5
                config                           300000   300000        A        0       4
                text0                              FE86     FE86      176     7F43       0
                cstackCOMRAM                          E        E        2        1       1
                dataCOMRAM                           10       10        1        1       1
                bssCOMRAM                             1        1        D        1       1
                cinit                              FE60     FE60       26     7F30       0
                idataCOMRAM                        FE5F     FE5F        1     FE5F       0

TOTAL           Name                               Link     Load   Length     Space
        CLASS   STACK          

        CLASS   CODE           
                init                               FFFC     FFFC        4         0
                reset_vec                             0        0        4         0
                text0                              FE86     FE86      176         0
                cinit                              FE60     FE60       26         0
                idataCOMRAM                        FE5F     FE5F        1         0

        CLASS   CONST          

        CLASS   SMALLCONST     

        CLASS   MEDIUMCONST    

        CLASS   COMRAM         
                cstackCOMRAM                          E        E        2         1
                dataCOMRAM                           10       10        1         1
                bssCOMRAM                             1        1        D         1

        CLASS   ABS1           

        CLASS   BIGRAM         

        CLASS   RAM            

        CLASS   BANK0          

        CLASS   BANK1          

        CLASS   BANK2          

        CLASS   BANK3          

        CLASS   BANK4          

        CLASS   BANK5          

        CLASS   BANK6          

        CLASS   BANK7          

        CLASS   BANK8          

        CLASS   BANK9          

        CLASS   BANK10         

        CLASS   BANK11         

        CLASS   BANK12         

        CLASS   BANK13         

        CLASS   BANK14         

        CLASS   BANK15         

        CLASS   SFR            

        CLASS   CONFIG         
                config                           300000   300000        A         4

        CLASS   IDLOC          
                idloc                            200000   200000       10         5

        CLASS   EEDATA         

        CLASS   FARRAM         



SEGMENTS        Name                           Load    Length   Top    Selector   Space  Class

                reset_vec                      000000  000004  000004         0       0  CODE    
                bssCOMRAM                      000001  000010  000011         1       1  COMRAM  
                idataCOMRAM                    00FE5F  000001  00FE60      FE5F       0  CODE    
                cinit                          00FE60  000026  00FE86      7F30       0  CODE    
                text0                          00FE86  000176  00FFFC      7F43       0  CODE    
                init                           00FFFC  000004  010000      7FFE       0  CODE    


UNUSED ADDRESS RANGES

        Name                Unused          Largest block    Delta
        BANK0            000060-0000FF               A0
        BANK1            000100-0001FF              100
        BANK10           000A00-000AFF              100
        BANK11           000B00-000BFF              100
        BANK12           000C00-000CFF              100
        BANK13           000D00-000DFF              100
        BANK14           000E00-000EFF              100
        BANK15           000F00-000FFF              100
        BANK2            000200-0002FF              100
        BANK3            000300-0003FF              100
        BANK4            000400-0004FF              100
        BANK5            000500-0005FF              100
        BANK6            000600-0006FF              100
        BANK7            000700-0007FF              100
        BANK8            000800-0008FF              100
        BANK9            000900-0009FF              100
        BIGRAM           000011-000FFF              FEF
        CODE             000004-00FE5E             FE5B
        COMRAM           000011-00005F               4F
        CONST            000004-00FE5E             FE5B
        EEDATA           310000-3103FF              400
        MEDIUMCONST      001000-00FE5E             EE5F
        RAM              000060-000FFF              100
        SFR              003700-003FFF              100
        SMALLCONST       001000-00FE5E              100
        STACK            000060-000FFF              FA0

                                  Symbol Table

_ANSELBbits              (abs)        003A50
_ANSELCbits              (abs)        003A60
_BRGCON1                 (abs)        003703
_BRGCON2                 (abs)        003704
_BRGCON3                 (abs)        003705
_CANCON                  (abs)        003F8F
_CANCONbits              (abs)        003F8F
_CANRXPPS                (abs)        003AED
_CANSTAT                 (abs)        003F8E
_CIOCON                  (abs)        003700
_CIOCONbits              (abs)        003700
_ECANCON                 (abs)        003F91
_ECANCONbits             (abs)        003F91
_LATCbits                (abs)        003FBC
_RB2PPS                  (abs)        003A0A
_RC4PPS                  (abs)        003A14
_RXB0CONbits             (abs)        003F80
_RXB1CONbits             (abs)        0037F0
_RXF0EIDH                (abs)        0037A2
_RXF0EIDL                (abs)        0037A3
_RXF0SIDH                (abs)        0037A0
_RXF0SIDL                (abs)        0037A1
_RXF1EIDH                (abs)        0037A6
_RXF1EIDL                (abs)        0037A7
_RXF1SIDH                (abs)        0037A4
_RXF1SIDL                (abs)        0037A5
_RXF2EIDH                (abs)        0037AA
_RXF2EIDL                (abs)        0037AB
_RXF2SIDH                (abs)        0037A8
_RXF2SIDL                (abs)        0037A9
_RXF3EIDH                (abs)        0037AE
_RXF3EIDL                (abs)        0037AF
_RXF3SIDH                (abs)        0037AC
_RXF3SIDL                (abs)        0037AD
_RXF4EIDH                (abs)        0037B2
_RXF4EIDL                (abs)        0037B3
_RXF4SIDH                (abs)        0037B0
_RXF4SIDL                (abs)        0037B1
_RXF5EIDH                (abs)        0037B6
_RXF5EIDL                (abs)        0037B7
_RXF5SIDH                (abs)        0037B4
_RXF5SIDL                (abs)        0037B5
_RXM0EIDH                (abs)        0037BA
_RXM0EIDL                (abs)        0037BB
_RXM0SIDH                (abs)        0037B8
_RXM0SIDL                (abs)        0037B9
_RXM1EIDH                (abs)        0037BE
_RXM1EIDL                (abs)        0037BF
_RXM1SIDH                (abs)        0037BC
_RXM1SIDL                (abs)        0037BD
_TRISBbits               (abs)        003FC3
_TRISCbits               (abs)        003FC4
_TXB0CONbits             (abs)        0037E0
_TXB0D0                  (abs)        0037E6
_TXB0D1                  (abs)        0037E7
_TXB0D2                  (abs)        0037E8
_TXB0DLC                 (abs)        0037E5
_TXB0EIDH                (abs)        0037E3
_TXB0EIDL                (abs)        0037E4
_TXB0SIDH                (abs)        0037E1
_TXB0SIDL                (abs)        0037E2
__HRAM                   (abs)        000000
__Habs1                  abs1         000000
__Hbank0                 bank0        000000
__Hbank1                 bank1        000000
__Hbank10                bank10       000000
__Hbank11                bank11       000000
__Hbank12                bank12       000000
__Hbank13                bank13       000000
__Hbank14                bank14       000000
__Hbank15                bank15       000000
__Hbank2                 bank2        000000
__Hbank3                 bank3        000000
__Hbank4                 bank4        000000
__Hbank5                 bank5        000000
__Hbank6                 bank6        000000
__Hbank7                 bank7        000000
__Hbank8                 bank8        000000
__Hbank9                 bank9        000000
__Hbigbss                bigbss       000000
__Hbigdata               bigdata      000000
__Hbigram                bigram       000000
__Hbss                   bss          000000
__HbssCOMRAM             bssCOMRAM    000000
__Hcinit                 cinit        000000
__Hclrtext               clrtext      000000
__Hcomram                comram       000000
__Hconfig                config       30000A
__Hconst                 const        000000
__HcstackCOMRAM          cstackCOMRAM 000000
__Hdata                  data         000000
__HdataCOMRAM            dataCOMRAM   000000
__Heeprom_data           eeprom_data  000000
__Hfarbss                farbss       000000
__Hfardata               fardata      000000
__Hibigdata              ibigdata     000000
__Hidata                 idata        000000
__HidataCOMRAM           idataCOMRAM  000000
__Hidloc                 idloc        200010
__Hifardata              ifardata     000000
__Hinit                  init         010000
__Hintsave_regs          intsave_regs 000000
__Hirdata                irdata       000000
__Hmediumconst           mediumconst  000000
__HnvFARRAM              nvFARRAM     000000
__Hnvbit                 nvbit        000000
__Hnvrram                nvrram       000000
__Hparam                 rparam       000000
__Hpowerup               powerup      000000
__Hram                   ram          000000
__Hramtop                ramtop       001000
__Hrbit                  rbit         000000
__Hrbss                  rbss         000000
__Hrdata                 rdata        000000
__Hreset_vec             reset_vec    000004
__Hrparam                rparam       000000
__Hsfr                   sfr          000000
__Hsmallconst            smallconst   000000
__Hspace_0               (abs)        010000
__Hspace_1               (abs)        000011
__Hspace_2               (abs)        000000
__Hspace_4               (abs)        60000A
__Hstack                 stack        000000
__Hstruct                struct       000000
__Htemp                  temp         000000
__Htext                  text         000000
__Htext0                 text0        000000
__LRAM                   (abs)        000001
__Labs1                  abs1         000000
__Lbank0                 bank0        000000
__Lbank1                 bank1        000000
__Lbank10                bank10       000000
__Lbank11                bank11       000000
__Lbank12                bank12       000000
__Lbank13                bank13       000000
__Lbank14                bank14       000000
__Lbank15                bank15       000000
__Lbank2                 bank2        000000
__Lbank3                 bank3        000000
__Lbank4                 bank4        000000
__Lbank5                 bank5        000000
__Lbank6                 bank6        000000
__Lbank7                 bank7        000000
__Lbank8                 bank8        000000
__Lbank9                 bank9        000000
__Lbigbss                bigbss       000000
__Lbigdata               bigdata      000000
__Lbigram                bigram       000000
__Lbss                   bss          000000
__LbssCOMRAM             bssCOMRAM    000000
__Lcinit                 cinit        000000
__Lclrtext               clrtext      000000
__Lcomram                comram       000000
__Lconfig                config       000000
__Lconst                 const        000000
__LcstackCOMRAM          cstackCOMRAM 000000
__Ldata                  data         000000
__LdataCOMRAM            dataCOMRAM   000000
__Leeprom_data           eeprom_data  000000
__Lfarbss                farbss       000000
__Lfardata               fardata      000000
__Libigdata              ibigdata     000000
__Lidata                 idata        000000
__LidataCOMRAM           idataCOMRAM  000000
__Lidloc                 idloc        000000
__Lifardata              ifardata     000000
__Linit                  init         00FFFC
__Lintsave_regs          intsave_regs 000000
__Lirdata                irdata       000000
__Lmediumconst           mediumconst  000000
__LnvFARRAM              nvFARRAM     000000
__Lnvbit                 nvbit        000000
__Lnvrram                nvrram       000000
__Lparam                 rparam       000000
__Lpowerup               powerup      000000
__Lram                   ram          000000
__Lramtop                ramtop       001000
__Lrbit                  rbit         000000
__Lrbss                  rbss         000000
__Lrdata                 rdata        000000
__Lreset_vec             reset_vec    000000
__Lrparam                rparam       000000
__Lsfr                   sfr          000000
__Lsmallconst            smallconst   000000
__Lspace_0               (abs)        000000
__Lspace_1               (abs)        000000
__Lspace_2               (abs)        000000
__Lspace_4               (abs)        000000
__Lstack                 stack        000000
__Lstruct                struct       000000
__Ltemp                  temp         000000
__Ltext                  text         000000
__Ltext0                 text0        000000
__S0                     (abs)        010000
__S1                     (abs)        000011
__S2                     (abs)        000000
__S4                     (abs)        000000
__S5                     (abs)        000000
___inthi_sp              stack        000000
___intlo_sp              stack        000000
___param_bank            (abs)        000000
___rparam_used           (abs)        000001
___sp                    stack        000000
__accesstop              (abs)        000060
__activetblptr           (abs)        000000
__end_of__initialization cinit        00FE80
__end_of_main            text0        00FFFC
__initialization         cinit        00FE60
__mediumconst            mediumconst  000000
__pbssCOMRAM             bssCOMRAM    000001
__pcinit                 cinit        00FE60
__pcstackCOMRAM          cstackCOMRAM 00000E
__pdataCOMRAM            dataCOMRAM   000010
__pidataCOMRAM           idataCOMRAM  00FE5F
__ptext0                 text0        00FE86
__ramtop                 ramtop       001000
__size_of_main           (abs)        000000
__smallconst             smallconst   000000
_call_add                bssCOMRAM    000004
_can_add                 bssCOMRAM    00000B
_can_dat                 bssCOMRAM    00000A
_can_idat                bssCOMRAM    000009
_can_iedat               bssCOMRAM    000008
_can_ilen                bssCOMRAM    000007
_can_irxadd              bssCOMRAM    000005
_can_itxadd              bssCOMRAM    000006
_lst_add                 bssCOMRAM    00000D
_main                    text0        00FE86
_own_add                 dataCOMRAM   000010
_rcl_add                 bssCOMRAM    00000C
_t_cnt                   bssCOMRAM    000003
_tbl_add                 bssCOMRAM    000002
_tbl_dat                 bssCOMRAM    000001
end_of_initialization    cinit        00FE80
intlevel0                text         000000
intlevel1                text         000000
intlevel2                text         000000
intlevel3                text         000000
stackhi                  (abs)        000FFF
stacklo                  (abs)        000060
start                    init         00FFFC
start_initialization     cinit        00FE60


FUNCTION INFORMATION:

 *************** function _main *****************
 Defined at:
		line 88 in file "newmain.c"
 Parameters:    Size  Location     Type
		None
 Auto vars:     Size  Location     Type
		None
 Return value:  Size  Location     Type
                  1    wreg      void 
 Registers used:
		wreg, status,2, status,0
 Tracked objects:
		On entry : 
		On exit  : 
		Unchanged: 
 Data sizes:     COMRAM   BANK0   BANK1   BANK2   BANK3   BANK4   BANK5   BANK6   BANK7   BANK8   BANK9  BANK10  BANK11  BANK12  BANK13  BANK14  BANK15
      Params:         0       0       0       0       0       0       0       0       0       0       0       0       0       0       0       0       0
      Locals:         0       0       0       0       0       0       0       0       0       0       0       0       0       0       0       0       0
      Temps:          2       0       0       0       0       0       0       0       0       0       0       0       0       0       0       0       0
      Totals:         2       0       0       0       0       0       0       0       0       0       0       0       0       0       0       0       0
Total ram usage:        2 bytes
 This function calls:
		Nothing
 This function is called by:
		Startup code after reset
 This function uses a non-reentrant model



MODULE INFORMATION

Module		Function		Class		Link	Load	Size
newmain.c
		_main          		CODE           	FE86	0000	374

newmain.c estimated size: 374

shared
		__initialization		CODE           	FE60	0000	32

shared estimated size: 32

