Microchip MPLAB XC8 Compiler V2.32

Linker command line:

-W-3 --edf=C:\Program Files\Microchip\xc8\v2.32\pic\dat\en_msgs.txt \
  -pivt0x8=08h -cn \
  -h+dist/default/production\26k83_can_ricsi.X.production.sym \
  --cmf=dist/default/production\26k83_can_ricsi.X.production.cmf -z \
  -Q18F26K83 -oC:\Users\nemet\AppData\Local\Temp\xcAs10fs.4 \
  --defsym=__MPLAB_BUILD=1 \
  -Mdist/default/production/26k83_can_ricsi.X.production.map -E1 \
  -ver=XC8 Compiler --acfsm=1493 -ASTACK=060h-0FFFh -pstack=STACK \
  -ACODE=00h-0FFFFh -ACONST=00h-0FFFFh -ASMALLCONST=01000h-010FFhx240 \
  -AMEDIUMCONST=01000h-0FFFFh -ACOMRAM=01h-05Fh -AABS1=00h-0FFFh \
  -ABIGRAM=01h-0FFFh -ARAM=060h-0FFh,0100h-01FFhx15 -ABANK0=060h-0FFh \
  -ABANK1=0100h-01FFh -ABANK2=0200h-02FFh -ABANK3=0300h-03FFh \
  -ABANK4=0400h-04FFh -ABANK5=0500h-05FFh -ABANK6=0600h-06FFh \
  -ABANK7=0700h-07FFh -ABANK8=0800h-08FFh -ABANK9=0900h-09FFh \
  -ABANK10=0A00h-0AFFh -ABANK11=0B00h-0BFFh -ABANK12=0C00h-0CFFh \
  -ABANK13=0D00h-0DFFh -ABANK14=0E00h-0EFFh -ABANK15=0F00h-0FFFh \
  -ASFR=03700h-037FFhx8,03F00h-03F5Fh,03F60h-03FFFh \
  -ACONFIG=0300000h-0300009h -AIDLOC=0200000h-020000Fh \
  -AEEDATA=0310000h-03103FFh -peeprom_data=EEDATA -preset_vec=00h \
  -ppowerup=CODE,init -pramtop=01000h -psmallconst=SMALLCONST \
  -pmediumconst=MEDIUMCONST -pconst=CONST -AFARRAM=00h-00h \
  -prdata=COMRAM,nvrram=COMRAM,nvbit=COMRAM,rbss=COMRAM,rbit=COMRAM \
  -pfarbss=FARRAM,fardata=FARRAM,nvFARRAM=FARRAM \
  -pintsave_regs=BIGRAM,bigbss=BIGRAM,bigdata=BIGRAM -pbss=RAM \
  -pidata=CODE,irdata=CODE,ibigdata=CODE,ifardata=CODE -prparam=COMRAM \
  C:\Users\nemet\AppData\Local\Temp\xcAs10fs.o \
  dist/default/production\26k83_can_ricsi.X.production.o 

Object code version is 3.11

Machine type is 18F26K83



                Name                               Link     Load   Length Selector   Space Scale
C:\Users\nemet\AppData\Local\Temp\xcAs10fs.o
                idloc                            200000   200000       10        0       5
                config                           300000   300000        A        0       4
                init                                 1A       1A        4        4       0
                reset_vec                             0        0        4        0       0
dist/default/production\26k83_can_ricsi.X.production.o
                idloc                            200000   200000       10        0       5
                config                           300000   300000        A        0       4
                ivt0x8                                8        8       12        4       0
                text5                               336      336       4E        4       0
                text4                               294      294       A2        4       0
                text3                               3BA      3BA       36        4       0
                text2                               384      384       36        4       0
                text1                               3F0      3F0       34        4       0
                text0                                1E       1E      276        4       0
                cstackCOMRAM                          9        9        3        1       1
                bssCOMRAM                             1        1        8        1       1
                cinit                               424      424       1E        4       0

TOTAL           Name                               Link     Load   Length     Space
        CLASS   STACK          

        CLASS   CODE           
                init                                 1A       1A        4         0
                reset_vec                             0        0        4         0
                ivt0x8                                8        8       12         0
                text5                               336      336       4E         0
                text4                               294      294       A2         0
                text3                               3BA      3BA       36         0
                text2                               384      384       36         0
                text1                               3F0      3F0       34         0
                text0                                1E       1E      276         0
                cinit                               424      424       1E         0

        CLASS   CONST          

        CLASS   SMALLCONST     

        CLASS   MEDIUMCONST    

        CLASS   COMRAM         
                cstackCOMRAM                          9        9        3         1
                bssCOMRAM                             1        1        8         1

        CLASS   ABS1           

        CLASS   BIGRAM         

        CLASS   RAM            

        CLASS   BANK0          

        CLASS   BANK1          

        CLASS   BANK2          

        CLASS   BANK3          

        CLASS   BANK4          

        CLASS   BANK5          

        CLASS   BANK6          

        CLASS   BANK7          

        CLASS   BANK8          

        CLASS   BANK9          

        CLASS   BANK10         

        CLASS   BANK11         

        CLASS   BANK12         

        CLASS   BANK13         

        CLASS   BANK14         

        CLASS   BANK15         

        CLASS   SFR            

        CLASS   CONFIG         
                config                           300000   300000        A         4

        CLASS   IDLOC          
                idloc                            200000   200000       10         5

        CLASS   EEDATA         

        CLASS   FARRAM         



SEGMENTS        Name                           Load    Length   Top    Selector   Space  Class

                reset_vec                      000000  000004  000004         0       0  CODE    
                bssCOMRAM                      000001  00000B  00000C         1       1  COMRAM  
                ivt0x8                         000008  00043A  000442         4       0  CODE    


UNUSED ADDRESS RANGES

        Name                Unused          Largest block    Delta
        BANK0            000060-0000FF               A0
        BANK1            000100-0001FF              100
        BANK10           000A00-000AFF              100
        BANK11           000B00-000BFF              100
        BANK12           000C00-000CFF              100
        BANK13           000D00-000DFF              100
        BANK14           000E00-000EFF              100
        BANK15           000F00-000FFF              100
        BANK2            000200-0002FF              100
        BANK3            000300-0003FF              100
        BANK4            000400-0004FF              100
        BANK5            000500-0005FF              100
        BANK6            000600-0006FF              100
        BANK7            000700-0007FF              100
        BANK8            000800-0008FF              100
        BANK9            000900-0009FF              100
        BIGRAM           00000C-000FFF              FF4
        CODE             000004-000007                4
                         000442-00FFFF             FBBE
        COMRAM           00000C-00005F               54
        CONST            000004-000007                4
                         000442-00FFFF             FBBE
        EEDATA           310000-3103FF              400
        MEDIUMCONST      001000-00FFFF             F000
        RAM              000060-000FFF              100
        SFR              003700-003FFF              100
        SMALLCONST       001000-00FFFF              100
        STACK            000060-000FFF              FA0

                                  Symbol Table

IVTBASEH                     (abs)        003FD6
IVTBASEL                     (abs)        003FD5
IVTBASEU                     (abs)        003FD7
_ANSELBbits                  (abs)        003A50
_ANSELCbits                  (abs)        003A60
_BRGCON1                     (abs)        003703
_BRGCON2                     (abs)        003704
_BRGCON3                     (abs)        003705
_CANCONbits                  (abs)        003F8F
_CANRXPPS                    (abs)        003AED
_CANSTAT                     (abs)        003F8E
_CIOCONbits                  (abs)        003700
_ECANCON                     (abs)        003F91
_ECANCONbits                 (abs)        003F91
_I2C1ADB1                    (abs)        003D6E
_I2C1CLKbits                 (abs)        003D7B
_I2C1CNT                     (abs)        003D6C
_I2C1CON0bits                (abs)        003D73
_I2C1SCLPPS                  (abs)        003AE3
_I2C1SDAPPS                  (abs)        003AE4
_I2C1STAT1bits               (abs)        003D78
_I2C1TXB                     (abs)        003D6B
_INTCON0bits                 (abs)        003FD2
_LATBbits                    (abs)        003FBB
_LATCbits                    (abs)        003FBC
_ODCONC                      (abs)        003A62
_PIE5bits                    (abs)        003995
_PIR5bits                    (abs)        0039A5
_RB5PPS                      (abs)        003A0D
_RC2PPS                      (abs)        003A12
_RC3PPS                      (abs)        003A13
_RXB0CONbits                 (abs)        003F80
_RXB0D0                      (abs)        003F86
_RXB0D1                      (abs)        003F87
_RXB0D2                      (abs)        003F88
_RXB0D3                      (abs)        003F89
_RXB0DLC                     (abs)        003F85
_RXB0SIDH                    (abs)        003F81
_RXB0SIDL                    (abs)        003F82
_RXF0EIDH                    (abs)        0037A2
_RXF0EIDL                    (abs)        0037A3
_RXF0SIDH                    (abs)        0037A0
_RXF0SIDL                    (abs)        0037A1
_RXF1EIDH                    (abs)        0037A6
_RXF1EIDL                    (abs)        0037A7
_RXF1SIDH                    (abs)        0037A4
_RXF1SIDL                    (abs)        0037A5
_RXM0EIDH                    (abs)        0037BA
_RXM0EIDL                    (abs)        0037BB
_RXM0SIDH                    (abs)        0037B8
_RXM0SIDL                    (abs)        0037B9
_RXM1EIDH                    (abs)        0037BE
_RXM1EIDL                    (abs)        0037BF
_RXM1SIDH                    (abs)        0037BC
_RXM1SIDL                    (abs)        0037BD
_TRISBbits                   (abs)        003FC3
_TRISCbits                   (abs)        003FC4
_TXB0CONbits                 (abs)        0037E0
_TXB0D0                      (abs)        0037E6
_TXB0D1                      (abs)        0037E7
_TXB0D2                      (abs)        0037E8
_TXB0DLC                     (abs)        0037E5
_TXB0SIDH                    (abs)        0037E1
_TXB0SIDL                    (abs)        0037E2
_WPUCbits                    (abs)        003A61
__HRAM                       (abs)        000000
__Habs1                      abs1         000000
__Hbank0                     bank0        000000
__Hbank1                     bank1        000000
__Hbank10                    bank10       000000
__Hbank11                    bank11       000000
__Hbank12                    bank12       000000
__Hbank13                    bank13       000000
__Hbank14                    bank14       000000
__Hbank15                    bank15       000000
__Hbank2                     bank2        000000
__Hbank3                     bank3        000000
__Hbank4                     bank4        000000
__Hbank5                     bank5        000000
__Hbank6                     bank6        000000
__Hbank7                     bank7        000000
__Hbank8                     bank8        000000
__Hbank9                     bank9        000000
__Hbigbss                    bigbss       000000
__Hbigdata                   bigdata      000000
__Hbigram                    bigram       000000
__Hbss                       bss          000000
__HbssCOMRAM                 bssCOMRAM    000000
__Hcinit                     cinit        000000
__Hclrtext                   clrtext      000000
__Hcomram                    comram       000000
__Hconfig                    config       30000A
__Hconst                     const        000000
__HcstackCOMRAM              cstackCOMRAM 000000
__Hdata                      data         000000
__Heeprom_data               eeprom_data  000000
__Hfarbss                    farbss       000000
__Hfardata                   fardata      000000
__Hibigdata                  ibigdata     000000
__Hidata                     idata        000000
__Hidloc                     idloc        200010
__Hifardata                  ifardata     000000
__Hinit                      init         00001E
__Hintsave_regs              intsave_regs 000000
__Hirdata                    irdata       000000
__Hivt0x8                    ivt0x8       00001A
__Hmediumconst               mediumconst  000000
__HnvFARRAM                  nvFARRAM     000000
__Hnvbit                     nvbit        000000
__Hnvrram                    nvrram       000000
__Hparam                     rparam       000000
__Hpowerup                   powerup      000000
__Hram                       ram          000000
__Hramtop                    ramtop       001000
__Hrbit                      rbit         000000
__Hrbss                      rbss         000000
__Hrdata                     rdata        000000
__Hreset_vec                 reset_vec    000004
__Hrparam                    rparam       000000
__Hsfr                       sfr          000000
__Hsmallconst                smallconst   000000
__Hspace_0                   (abs)        001000
__Hspace_1                   (abs)        00000C
__Hspace_2                   (abs)        000000
__Hspace_4                   (abs)        60000A
__Hstack                     stack        000000
__Hstruct                    struct       000000
__Htemp                      temp         000000
__Htext                      text         000000
__Htext0                     text0        000000
__Htext1                     text1        000000
__Htext2                     text2        000000
__Htext3                     text3        000000
__Htext4                     text4        000000
__Htext5                     text5        000000
__LRAM                       (abs)        000001
__Labs1                      abs1         000000
__Lbank0                     bank0        000000
__Lbank1                     bank1        000000
__Lbank10                    bank10       000000
__Lbank11                    bank11       000000
__Lbank12                    bank12       000000
__Lbank13                    bank13       000000
__Lbank14                    bank14       000000
__Lbank15                    bank15       000000
__Lbank2                     bank2        000000
__Lbank3                     bank3        000000
__Lbank4                     bank4        000000
__Lbank5                     bank5        000000
__Lbank6                     bank6        000000
__Lbank7                     bank7        000000
__Lbank8                     bank8        000000
__Lbank9                     bank9        000000
__Lbigbss                    bigbss       000000
__Lbigdata                   bigdata      000000
__Lbigram                    bigram       000000
__Lbss                       bss          000000
__LbssCOMRAM                 bssCOMRAM    000000
__Lcinit                     cinit        000000
__Lclrtext                   clrtext      000000
__Lcomram                    comram       000000
__Lconfig                    config       000000
__Lconst                     const        000000
__LcstackCOMRAM              cstackCOMRAM 000000
__Ldata                      data         000000
__Leeprom_data               eeprom_data  000000
__Lfarbss                    farbss       000000
__Lfardata                   fardata      000000
__Libigdata                  ibigdata     000000
__Lidata                     idata        000000
__Lidloc                     idloc        000000
__Lifardata                  ifardata     000000
__Linit                      init         00001A
__Lintsave_regs              intsave_regs 000000
__Lirdata                    irdata       000000
__Livt0x8                    ivt0x8       000008
__Lmediumconst               mediumconst  000000
__LnvFARRAM                  nvFARRAM     000000
__Lnvbit                     nvbit        000000
__Lnvrram                    nvrram       000000
__Lparam                     rparam       000000
__Lpowerup                   powerup      000000
__Lram                       ram          000000
__Lramtop                    ramtop       001000
__Lrbit                      rbit         000000
__Lrbss                      rbss         000000
__Lrdata                     rdata        000000
__Lreset_vec                 reset_vec    000000
__Lrparam                    rparam       000000
__Lsfr                       sfr          000000
__Lsmallconst                smallconst   000000
__Lspace_0                   (abs)        000000
__Lspace_1                   (abs)        000000
__Lspace_2                   (abs)        000000
__Lspace_4                   (abs)        000000
__Lstack                     stack        000000
__Lstruct                    struct       000000
__Ltemp                      temp         000000
__Ltext                      text         000000
__Ltext0                     text0        000000
__Ltext1                     text1        000000
__Ltext2                     text2        000000
__Ltext3                     text3        000000
__Ltext4                     text4        000000
__Ltext5                     text5        000000
__S0                         (abs)        000442
__S1                         (abs)        00000C
__S2                         (abs)        000000
__S4                         (abs)        000000
__S5                         (abs)        000000
___inthi_sp                  stack        000000
___intlo_sp                  stack        000000
___param_bank                (abs)        000000
___rparam_used               (abs)        000001
___sp                        stack        000000
__accesstop                  (abs)        000060
__activetblptr               (abs)        000000
__end_of__initialization     cinit        00043C
__end_of_can_init            text4        000336
__end_of_disp_write_command  text3        0003F0
__end_of_disp_write_data     text2        0003BA
__end_of_i2c_init            text1        000424
__end_of_main                text0        000294
__end_of_myISR               text5        000384
__initialization             cinit        000424
__mediumconst                mediumconst  000000
__pbssCOMRAM                 bssCOMRAM    000001
__pcinit                     cinit        000424
__pcstackCOMRAM              cstackCOMRAM 000009
__pivt0x8                    ivt0x8       000008
__ptext0                     text0        00001E
__ptext1                     text1        0003F0
__ptext2                     text2        000384
__ptext3                     text3        0003BA
__ptext4                     text4        000294
__ptext5                     text5        000336
__ramtop                     ramtop       001000
__size_of_can_init           (abs)        000000
__size_of_disp_write_command (abs)        000000
__size_of_disp_write_data    (abs)        000000
__size_of_i2c_init           (abs)        000000
__size_of_main               (abs)        000000
__size_of_myISR              (abs)        000000
__smallconst                 smallconst   000000
_can_init                    text4        000294
_can_rxbuff                  bssCOMRAM    000001
_disp_write_command          text3        0003BA
_disp_write_data             text2        000384
_i2c_init                    text1        0003F0
_main                        text0        00001E
_myISR                       text5        000336
disp_write_command@command   cstackCOMRAM 000009
disp_write_data@data         cstackCOMRAM 000009
end_of_initialization        cinit        00043C
intlevel0                    text         000000
intlevel1                    text         000000
intlevel2                    text         000000
intlevel3                    text         000000
isa$std                      (abs)        000001
isa$xinst                    (abs)        000000
ivt0x8_base                  ivt0x8       000008
stackhi                      (abs)        000FFF
stacklo                      (abs)        000060
start                        init         00001A
start_initialization         cinit        000424


MODULE INFORMATION

Module		Function		Class		Link	Load	Size
newmain.c
		_disp_write_command		CODE           	03BA	0000	54
		_myISR         		CODE           	0336	0000	78
		_disp_write_data		CODE           	0384	0000	54
		_can_init      		CODE           	0294	0000	162
		_main          		CODE           	001E	0000	630
		_i2c_init      		CODE           	03F0	0000	52

newmain.c estimated size: 1030

shared
		__initialization		CODE           	0424	0000	24

shared estimated size: 24

